npm warn Unknown env config "http-proxy". This will stop working in the next major version of npm.

> tribe-neon@0.1.0 build
> next build

▲ Next.js 16.2.10 (Turbopack)

  Creating an optimized production build ...
✓ Compiled successfully in 4.1s
  Running TypeScript ...
  Finished TypeScript in 12.7s ...
  Collecting page data using 8 workers ...
  Generating static pages using 8 workers (0/21) ...
  Generating static pages using 8 workers (5/21) 
  Generating static pages using 8 workers (10/21) 
  Generating static pages using 8 workers (15/21) 
✓ Generating static pages using 8 workers (21/21) in 313ms
  Finalizing page optimization ...

Route (app)
┌ ○ /
├ ○ /_not-found
├ ƒ /admin/kpi
├ ƒ /admin/kpi/day/[date]
├ ƒ /api/admin/kpi/marketing
├ ƒ /api/admin/kpi/refresh
├ ƒ /api/admin/kpi/snapshots
├ ƒ /api/admin/kpi/timeseries
├ ƒ /api/admin/kpi/v2/acquisition
├ ƒ /api/admin/kpi/v2/community
├ ƒ /api/admin/kpi/v2/daily
├ ƒ /api/admin/kpi/v2/guild
├ ƒ /api/admin/kpi/v2/marketing
├ ƒ /api/admin/kpi/v2/post-tutorial
├ ƒ /api/admin/kpi/v2/retention
├ ƒ /api/admin/kpi/v2/tutorial
├ ƒ /api/admin/kpi/v2/validation
├ ƒ /api/auth/replace-google
├ ƒ /api/billing/checkout
├ ƒ /api/billing/config
├ ƒ /api/billing/history
├ ƒ /api/billing/restore
├ ƒ /api/billing/shop
├ ƒ /api/billing/webhook
├ ƒ /api/kpi/identity-transition
├ ƒ /api/qa/activity
├ ○ /auth/callback
├ ƒ /billing/return
├ ƒ /legal/commercial
├ ƒ /legal/privacy
├ ƒ /legal/terms
├ ƒ /legal/tokusho
├ ○ /manifest.webmanifest
├ ○ /open
├ ƒ /qa/audio
├ ƒ /qa/battle-flow-v3
├ ƒ /qa/battle-full-skill-load
├ ƒ /qa/battle-live
├ ƒ /qa/battle-presentation-v3
├ ○ /qa/identity
├ ƒ /qa/presentation
├ ƒ /qa/promotions
├ ƒ /qa/raid-detail
├ ƒ /qa/raid-pages
├ ƒ /qa/raid-room
├ ƒ /qa/raid-top
├ ƒ /qa/shop-ui
├ ○ /robots.txt
└ ○ /sitemap.xml


ƒ Proxy (Middleware)

○  (Static)   prerendered as static content
ƒ  (Dynamic)  server-rendered on demand

