BEFORE TAP TO START
利用規約
プライバシーポリシー
特定商取引法に基づく表記
v0.1.0
© 2026 TRIBE NEON
ギルドへようこそ
×
「R0908Guild01」への加入が完了しました。
閉じる
ギルドチャットを見る
DIALOGS []
BUTTONS [
  'R0908H01TRIBE R0908Guild01',
  'MENU☰10',
  'ACTIVITYR0908H01TRIBE R0908Guild01レイドの救援を依頼›',
  '新宿SHINJUKU›',
  '未認証',
  'ボーナス',
  'ミッション1',
  'ランキング',
  'レイド',
  '',
  'ギルド',
  'バトル',
  'クエスト',
  'ギルドバトル準備中',
  '無料スキル／装備ガチャを引こう›',
  '‹',
  '',
  '›',
  'マイページ',
  'コミュニティ',
  'キャラ',
  'ガチャFREE',
  'ショップ準備中'
]
RECOVERY_BODY R0908H01
TRIBE R0908Guild01
Lv.5 · EXP 0/300
総合力
74,466
MENU
☰
10
1,500
170
⚡
84/100
+1 0:31
ACTIVITY
R0908H01
レイドの救援を依頼
›
新宿
SHINJUKU
›
未認証
ボーナス
ミッション
1
ランキング
レイド
ギルド
バトル
クエスト
ギルドバトル
準備中
無料スキル／装備ガチャを引こう
›
‹
›
マイページ
コミュニティ
キャラ
ガチャ
FREE
ショップ
準備中
RECOVERED レイド

開始から24時間、または撃破で終了します。

一覧へ
更新
初級
開催中
主催者
R0908H01
参加者 3 / 20人
レイドHP 31,988,539 / 32,000,000
残り 23時間36分
期限 9/9 19:35 JST

総合力制限なし

推奨総合力：ゲーム開始直後

参加者一覧
報酬

救援依頼：全体 1 / 3 ・ ギルド 1 / 3

全体アクティビティと所属ギルドへ送信します。未所属の場合は全体のみです。

救援を依頼
救援情報を更新

キングス・クラウン

参加済み

戦闘開始時に出撃編成の総合力を確認します。

出撃準備
RAID BRIEFING
BATTLE READY
エネミーパーティ
キングス・クラウン
Lv.30
メンバー
5人
レイジ
ミオ
タクロウ
レオン
カゲヤマ
HP
6,400,000 / 6,400,000
ATK
9,500
DEF
6,200
MY DECK
総合力 74,466
RAID POINT
5 / 5
討伐開始時にRPを1消費
討伐開始
レイドへ戻る
BATTLE レイド

開始から24時間、または撃破で終了します。

一覧へ
更新
初級
開催中
主催者
R0908H01
参加者 3 / 20人
レイドHP 31,988,539 / 32,000,000
残り 23時間36分
期限 9/9 19:35 JST

総合力制限なし

推奨総合力：ゲーム開始直後

参加者一覧
報酬

救援依頼：全体 1 / 3 ・ ギルド 1 / 3

全体アクティビティと所属ギルドへ送信します。未所属の場合は全体のみです。

救援を依頼
救援情報を更新

キングス・クラウン

参加済み

戦闘開始時に出撃編成の総合力を確認します。

出撃準備
VS 対戦相手
キングス・クラウン
敵リーダー　レイジ
LOSE
今回の個人ダメージ
3,659
共有HPへの反映
3,659
累計貢献ダメージ
3,659
ボス残りHP
31,993,224
報酬情報は現在未提供です
レイドへ戻る
R0908H01
TRIBE R0908Guild01
Lv.5 · EXP 0/300
総合力
74,466
MENU
☰
10
1,500
170
⚡
85/100
+1 5:50
レイド

開始から24時間、または撃破で終了します。

一覧へ
更新
初級
開催中
主催者
R0908H01
参加者 3 / 20人
レイドHP 31,988,539 / 32,000,000
残り 23時間36分
期限 9/9 19:35 JST

総合力制限なし

推奨総合力：ゲーム開始直後

参加者一覧
報酬

救援依頼：全体 1 / 3 ・ ギルド 1 / 3

全体アクティビティと所属ギルドへ送信します。未所属の場合は全体のみです。

救援を依頼
救援情報を更新

キングス・クラウン

参加済み

戦闘開始時に出撃編成の総合力を確認します。

出撃準備
マイページ
コミュニティ
キャラ
ガチャ
FREE
ショップ
準備中
