BEFORE TAP TO START
利用規約
プライバシーポリシー
特定商取引法に基づく表記
v0.1.0
© 2026 TRIBE NEON
ギルドへようこそ
×
「R0908Guild01」への加入が完了しました。
閉じる
ギルドチャットを見る
DIALOGS []
BUTTONS [
  'R0908N01TRIBE R0908Guild01',
  'MENU☰10',
  'ACTIVITYQAsk927d未所属総戦力ランキング1位に到達›',
  '新宿SHINJUKU›',
  '未認証',
  'ボーナス',
  'ミッション1',
  'ランキング',
  'レイド',
  '',
  'ギルド',
  'バトル',
  'クエスト',
  'ギルドバトル準備中',
  '無料スキル／装備ガチャを引こう›',
  '‹',
  '',
  '›',
  'マイページ',
  'コミュニティ',
  'キャラ',
  'ガチャFREE',
  'ショップ準備中'
]
RECOVERY_BODY R0908N01
TRIBE R0908Guild01
Lv.5 · EXP 0/300
総合力
78,228
MENU
☰
10
2,000
170
⚡
85/100
+1 0:59
ACTIVITY
QAsk927d
総戦力ランキング1位に到達
›
新宿
SHINJUKU
›
未認証
ボーナス
ミッション
1
ランキング
レイド
ギルド
バトル
クエスト
ギルドバトル
準備中
無料スキル／装備ガチャを引こう
›
‹
›
マイページ
コミュニティ
キャラ
ガチャ
FREE
ショップ
準備中
AFTER_DIALOGS []
RECOVERED ACTIVITY
QAsk927d
総戦力ランキング1位に到達
›
新宿
SHINJUKU
›
未認証
ボーナス
ミッション
1
ランキング
レイド
ギルド
バトル
クエスト
ギルドバトル
準備中
無料スキル／装備ガチャを引こう
›
‹
›
RAID BRIEFING
BATTLE READY
エネミーパーティ
キングス・クラウン
Lv.30
メンバー
5人
レイジ
ミオ
タクロウ
レオン
カゲヤマ
HP
6,400,000 / 6,400,000
ATK
9,500
DEF
6,200
MY DECK
総合力 78,228
RAID POINT
5 / 5
討伐開始時にRPを1消費
討伐開始
レイドへ戻る
BATTLE ACTIVITY
QAsk927d
総戦力ランキング1位に到達
›
新宿
SHINJUKU
›
未認証
ボーナス
ミッション
1
ランキング
レイド
ギルド
バトル
クエスト
ギルドバトル
準備中
無料スキル／装備ガチャを引こう
›
‹
›
VS 対戦相手
キングス・クラウン
敵リーダー　レイジ
LOSE
今回の個人ダメージ
4,685
共有HPへの反映
4,685
累計貢献ダメージ
4,685
ボス残りHP
31,988,539
報酬情報は現在未提供です
レイドへ戻る
R0908N01
TRIBE R0908Guild01
Lv.5 · EXP 0/300
総合力
78,228
MENU
☰
10
2,000
170
⚡
85/100
+1 0:14
レイド

開始から24時間、または撃破で終了します。

初級
中級
上級
超級

総合力制限なし

推奨総合力：ゲーム開始直後

更新
レイドを作成
初級
開催中
主催者
R0908H01
参加者 1 / 20人
レイドHP 32,000,000 / 32,000,000
残り 23時間35分
期限 9/9 19:40 JST
Roomを開く
初級
開催中
主催者
R0908H01
参加者 3 / 20人
レイドHP 31,988,539 / 32,000,000
残り 23時間30分
期限 9/9 19:35 JST
Roomを開く
マイページ
コミュニティ
キャラ
ガチャ
FREE
ショップ
準備中
