✔ ownerは既知のroleを表示し参加者権限を維持 (157.6957ms)
✔ memberは既知のroleを表示し参加者権限を維持 (30.8779ms)
✔ rescueは既知のroleを表示し参加者権限を維持 (28.2552ms)
✔ not_joinedは既知のroleを表示し参加者権限を維持 (29.9468ms)
✔ clearedを0/成功に置換しない (23.7476ms)
✔ expiredを0/成功に置換しない (14.8511ms)
✔ errorを0/成功に置換しない (18.15ms)
✔ unknownを0/成功に置換しない (14.3393ms)
An update to RaidRoomDetail inside a test was not wrapped in act(...).

When testing, code that causes React state updates should be wrapped into act(...):

act(() => {
  /* fire events that update state */
});
/* assert on the output */

This ensures that you're testing the behavior the user would see in the browser. Learn more at https://react.dev/link/wrap-tests-with-act
✔ no-guildを0/成功に置換しない (15.9019ms)
✔ 読込中は文字なしspinner (4.0075ms)
✔ 実プロフィールを開く間一覧を重ねず閉じると同一人/scroll位置へ復元 (109.4567ms)
✔ プロフィール失敗は一覧に戻り再試行可能 (120.0245ms)
✔ reward-unconfigured: 報酬予定と発行済みを区別 (13.3772ms)
✔ reward-planned: 報酬予定と発行済みを区別 (29.046ms)
An update to CharacterPresentation inside a test was not wrapped in act(...).

When testing, code that causes React state updates should be wrapped into act(...):

act(() => {
  /* fire events that update state */
});
/* assert on the output */

This ensures that you're testing the behavior the user would see in the browser. Learn more at https://react.dev/link/wrap-tests-with-act
An update to CharacterPresentation inside a test was not wrapped in act(...).

When testing, code that causes React state updates should be wrapped into act(...):

act(() => {
  /* fire events that update state */
});
/* assert on the output */

This ensures that you're testing the behavior the user would see in the browser. Learn more at https://react.dev/link/wrap-tests-with-act
An update to CharacterPresentation inside a test was not wrapped in act(...).

When testing, code that causes React state updates should be wrapped into act(...):

act(() => {
  /* fire events that update state */
});
/* assert on the output */

This ensures that you're testing the behavior the user would see in the browser. Learn more at https://react.dev/link/wrap-tests-with-act
An update to CharacterPresentation inside a test was not wrapped in act(...).

When testing, code that causes React state updates should be wrapped into act(...):

act(() => {
  /* fire events that update state */
});
/* assert on the output */

This ensures that you're testing the behavior the user would see in the browser. Learn more at https://react.dev/link/wrap-tests-with-act
✔ reward-issued: 報酬予定と発行済みを区別 (61.2622ms)
✔ 実PG display出力を表示parserへ通し予定へのPresent/別room混入を拒否 (2.4108ms)
✔ profile DM target and frameless identity self (7.2011ms)
✔ profile DM target and frameless identity other (8.6869ms)
✔ profile DM target and frameless identity undefined (6.0422ms)
✔ close loading A restores list immediately; B survives late A and restores scroll (152.6622ms)
ℹ tests 20
ℹ suites 0
ℹ pass 20
ℹ fail 0
ℹ cancelled 0
ℹ skipped 0
ℹ todo 0
ℹ duration_ms 2023.0068
