✔ ownerは既知のroleを表示し参加者権限を維持 (167.1344ms)
✔ memberは既知のroleを表示し参加者権限を維持 (27.6087ms)
✔ rescueは既知のroleを表示し参加者権限を維持 (29.0542ms)
✔ not_joinedは既知のroleを表示し参加者権限を維持 (14.3834ms)
✔ clearedを0/成功に置換しない (9.4566ms)
✔ expiredを0/成功に置換しない (16.1884ms)
✔ errorを0/成功に置換しない (18.7097ms)
✔ unknownを0/成功に置換しない (13.4501ms)
An update to RaidRoomDetail inside a test was not wrapped in act(...).

When testing, code that causes React state updates should be wrapped into act(...):

act(() => {
  /* fire events that update state */
});
/* assert on the output */

This ensures that you're testing the behavior the user would see in the browser. Learn more at https://react.dev/link/wrap-tests-with-act
✔ no-guildを0/成功に置換しない (15.3869ms)
✔ 読込中は文字なしspinner (3.1416ms)
✔ 実プロフィールを開く間一覧を重ねず閉じると同一人/scroll位置へ復元 (102.8316ms)
✔ プロフィール失敗は一覧に戻り再試行可能 (111.6852ms)
✔ reward-unconfigured: 報酬予定と発行済みを区別 (12.2509ms)
✔ reward-planned: 報酬予定と発行済みを区別 (44.9701ms)
An update to CharacterPresentation inside a test was not wrapped in act(...).

When testing, code that causes React state updates should be wrapped into act(...):

act(() => {
  /* fire events that update state */
});
/* assert on the output */

This ensures that you're testing the behavior the user would see in the browser. Learn more at https://react.dev/link/wrap-tests-with-act
An update to CharacterPresentation inside a test was not wrapped in act(...).

When testing, code that causes React state updates should be wrapped into act(...):

act(() => {
  /* fire events that update state */
});
/* assert on the output */

This ensures that you're testing the behavior the user would see in the browser. Learn more at https://react.dev/link/wrap-tests-with-act
An update to CharacterPresentation inside a test was not wrapped in act(...).

When testing, code that causes React state updates should be wrapped into act(...):

act(() => {
  /* fire events that update state */
});
/* assert on the output */

This ensures that you're testing the behavior the user would see in the browser. Learn more at https://react.dev/link/wrap-tests-with-act
An update to CharacterPresentation inside a test was not wrapped in act(...).

When testing, code that causes React state updates should be wrapped into act(...):

act(() => {
  /* fire events that update state */
});
/* assert on the output */

This ensures that you're testing the behavior the user would see in the browser. Learn more at https://react.dev/link/wrap-tests-with-act
✔ reward-issued: 報酬予定と発行済みを区別 (52.939ms)
✔ 実PG display出力を表示parserへ通し予定へのPresent/別room混入を拒否 (2.9442ms)
✔ profile DM target and frameless identity self (10.3979ms)
✔ profile DM target and frameless identity other (11.9082ms)
✔ profile DM target and frameless identity undefined (10.2853ms)
✔ close loading A restores list immediately; B survives late A and restores scroll (173.6428ms)
ℹ tests 20
ℹ suites 0
ℹ pass 20
ℹ fail 0
ℹ cancelled 0
ℹ skipped 0
ℹ todo 0
ℹ duration_ms 2030.4571
