▲ Next.js 16.2.10 (webpack)

  Creating an optimized production build ...
✓ Compiled successfully in 19.0s
  Running TypeScript ...
  Finished TypeScript in 10.1s ...
  Collecting page data using 15 workers ...
  Generating static pages using 15 workers (0/14) ...
  Generating static pages using 15 workers (3/14)
  Generating static pages using 15 workers (6/14)
  Generating static pages using 15 workers (10/14)
✓ Generating static pages using 15 workers (14/14) in 443ms
  Finalizing page optimization ...
  Collecting build traces ...

Route (app)
┌ ○ /
├ ○ /_not-found
├ ƒ /admin/kpi
├ ƒ /admin/kpi/day/[date]
├ ƒ /api/admin/kpi/marketing
├ ƒ /api/admin/kpi/refresh
├ ƒ /api/admin/kpi/snapshots
├ ƒ /api/admin/kpi/timeseries
├ ƒ /api/admin/kpi/v2/acquisition
├ ƒ /api/admin/kpi/v2/community
├ ƒ /api/admin/kpi/v2/daily
├ ƒ /api/admin/kpi/v2/guild
├ ƒ /api/admin/kpi/v2/marketing
├ ƒ /api/admin/kpi/v2/post-tutorial
├ ƒ /api/admin/kpi/v2/retention
├ ƒ /api/admin/kpi/v2/tutorial
├ ƒ /api/admin/kpi/v2/validation
├ ƒ /api/kpi/identity-transition
├ ○ /auth/callback
├ ƒ /legal/commercial
├ ƒ /legal/privacy
├ ƒ /legal/terms
├ ƒ /legal/tokusho
├ ○ /manifest.webmanifest
├ ○ /open
├ ƒ /qa/audio
├ ƒ /qa/battle-flow-v3
├ ƒ /qa/battle-full-skill-load
├ ƒ /qa/battle-live
├ ƒ /qa/battle-presentation-v3
├ ○ /qa/identity
├ ƒ /qa/presentation
├ ƒ /qa/raid-detail
├ ƒ /qa/raid-pages
├ ƒ /qa/raid-room
├ ƒ /qa/raid-top
├ ○ /robots.txt
└ ○ /sitemap.xml


ƒ Proxy (Middleware)

○  (Static)   prerendered as static content
ƒ  (Dynamic)  server-rendered on demand
